// Jest Snapshot v1, https://goo.gl/fbAQLP

exports[`renders properly 1`] = `
<div>
  <div
    class="mt-4"
  >
    <div
      class="form-group"
    >
      <label
        for="title"
      >
        Title
      </label>
      <input
        class="form-control"
        id="title"
        name="title"
        required=""
        type="text"
      />
    </div>
    <div
      class="form-group"
    >
      <label
        for="title"
      >
        Content
      </label>
      <textarea
        class="form-control"
        id="content"
        name="content"
        required=""
        rows="10"
      />
    </div>
    <div
      class="btn-group float-right"
    >
      <button
        class="btn btn-secondary"
        type="reset"
      >
        Cancel
      </button>
      <button
        class="btn btn-primary"
        type="submit"
      >
        Save
      </button>
    </div>
  </div>
</div>
`;
